Microchip MPLAB XC8 Compiler V1.42 ()

Linker command line:

-W-3 --edf=D:\Programas\MPLABX\xc8\dat\en_msgs.txt -cs \
  -h+dist/default/production\MACOS.X.production.sym \
  --cmf=dist/default/production\MACOS.X.production.cmf -z -Q18F4520 \
  -oC:\Users\Jonathan\AppData\Local\Temp\s9c4.2 \
  -Mdist/default/production/MACOS.X.production.map -E1 -ver=XC8 \
  -ASTACK=05E4h-05ffh -pstack=STACK -ACODE=00h-07FFFh -ACONST=00h-07FFFh \
  -ASMALLCONST=0600h-06FFhx122 -AMEDIUMCONST=0600h-07FFFh -ACOMRAM=01h-07Fh \
  -AABS1=00h-05FFh -ABIGRAM=01h-05FFh -ARAM=080h-0FFh,0100h-01FFhx5 \
  -ABANK0=080h-0FFh -ABANK1=0100h-01FFh -ABANK2=0200h-02FFh \
  -ABANK3=0300h-03FFh -ABANK4=0400h-04FFh -ABANK5=0500h-05FFh \
  -ASFR=0F80h-0FFFh -preset_vec=00h,intcode=08h,intcodelo,powerup,init \
  -pramtop=0600h -psmallconst=SMALLCONST -pmediumconst=MEDIUMCONST \
  -pconst=CONST -AFARRAM=00h-00h -ACONFIG=0300000h-030000Dh -pconfig=CONFIG \
  -AIDLOC=0200000h-0200007h -pidloc=IDLOC -AEEDATA=0F00000h-0F000FFh \
  -peeprom_data=EEDATA \
  -prdata=COMRAM,nvrram=COMRAM,nvbit=COMRAM,rbss=COMRAM,rbit=COMRAM \
  -pfarbss=FARRAM,fardata=FARRAM,nvFARRAM=FARRAM \
  -pintsave_regs=BIGRAM,bigbss=BIGRAM,bigdata=BIGRAM -pbss=RAM \
  -pidata=CODE,irdata=CODE,ibigdata=CODE,ifardata=CODE -prparam=COMRAM \
  C:\Users\Jonathan\AppData\Local\Temp\s9c4.obj \
  dist/default/production\MACOS.X.production.obj 

Object code version is 3.11

Machine type is 18F4520

Call graph: (short form)




                Name                               Link     Load   Length Selector   Space Scale
C:\Users\Jonathan\AppData\Local\Temp\s9c4.obj
                init                                  E        E        4        4       0
                reset_vec                             0        0        4        0       0
                idloc                            200000   200000        8   200000       0
                config                           300000   300000        E   300000       0
dist/default/production\MACOS.X.production.obj
                intcode                               8        8        6        4       0
                temp                                 59       59        1        1       1
                text17                              EE8      EE8       42        4       0
                text16                              FBA      FBA       26        4       0
                text15                              E1C      E1C       68        4       0
                text14                               12       12      4BC        4       0
                intcode_body                        D22      D22       8C        4       0
                text12                             1004     1004        8        4       0
                text11                              DAE      DAE       6E        4       0
                text10                              B9E      B9E       D6        4       0
                text9                               C74      C74       AE        4       0
                text8                               AB8      AB8       E6        4       0
                text7                               816      816      15E        4       0
                text6                               974      974      144        4       0
                text5                               FE0      FE0       24        4       0
                text4                               6B0      6B0      166        4       0
                text3                               F94      F94       26        4       0
                text2                               4CE      4CE      1E2        4       0
                text1                               F60      F60       34        4       0
                text0                               E84      E84       64        4       0
                cstackCOMRAM                          1        1       40        1       1
                cstackBANK0                          80       80       2C       80       1
                bssBIGRAM                            C4       C4      520       C4       1
                bssBANK0                             AC       AC       18       80       1
                bssCOMRAM                            41       41       18        1       1
                cinit                               F2A      F2A       36        4       0

TOTAL           Name                               Link     Load   Length     Space
        CLASS   STACK          

        CLASS   CODE           
                intcode                               8        8        6         0
                init                                  E        E        4         0
                reset_vec                             0        0        4         0
                text17                              EE8      EE8       42         0
                text16                              FBA      FBA       26         0
                text15                              E1C      E1C       68         0
                text14                               12       12      4BC         0
                intcode_body                        D22      D22       8C         0
                text12                             1004     1004        8         0
                text11                              DAE      DAE       6E         0
                text10                              B9E      B9E       D6         0
                text9                               C74      C74       AE         0
                text8                               AB8      AB8       E6         0
                text7                               816      816      15E         0
                text6                               974      974      144         0
                text5                               FE0      FE0       24         0
                text4                               6B0      6B0      166         0
                text3                               F94      F94       26         0
                text2                               4CE      4CE      1E2         0
                text1                               F60      F60       34         0
                text0                               E84      E84       64         0
                cinit                               F2A      F2A       36         0

        CLASS   CONST          

        CLASS   SMALLCONST     

        CLASS   MEDIUMCONST    

        CLASS   COMRAM         
                temp                                 59       59        1         1
                cstackCOMRAM                          1        1       40         1
                bssCOMRAM                            41       41       18         1

        CLASS   ABS1           

        CLASS   BIGRAM         
                bssBIGRAM                            C4       C4      520         1

        CLASS   RAM            

        CLASS   BANK0          
                cstackBANK0                          80       80       2C         1
                bssBANK0                             AC       AC       18         1

        CLASS   BANK1          

        CLASS   BANK2          

        CLASS   BANK3          

        CLASS   BANK4          

        CLASS   BANK5          

        CLASS   SFR            

        CLASS   FARRAM         

        CLASS   CONFIG         
                config                           300000   300000        E         0

        CLASS   IDLOC          
                idloc                            200000   200000        8         0

        CLASS   EEDATA         



SEGMENTS        Name                           Load    Length   Top    Selector   Space  Class

                reset_vec                      000000  000004  000004         0       0  CODE    
                cstackCOMRAM                   000001  000059  00005A         1       1  COMRAM  
                intcode                        000008  001004  00100C         4       0  CODE    
                cstackBANK0                    000080  000044  0000C4        80       1  BANK0   
                bssBIGRAM                      0000C4  000520  0005E4        C4       1  BIGRAM  
                idloc                          200000  000008  200008    200000       0  IDLOC   
                config                         300000  00000E  30000E    300000       0  CONFIG  


UNUSED ADDRESS RANGES

        Name                Unused          Largest block    Delta
        BANK5            0005E4-0005FF               1C
        BIGRAM           00005A-00007F               26
                         0005E4-0005FF               1C
        CODE             000004-000007                4
                         00100C-007FFF             6FF4
        COMRAM           00005A-00007F               26
        CONST            000004-000007                4
                         00100C-007FFF             6FF4
        EEDATA           F00000-F000FF              100
        MEDIUMCONST      00100C-007FFF             6FF4
        RAM              0005E4-0005FF               1C
        SFR              000F80-000FFF               80
        SMALLCONST       00100C-007FFF              100
        STACK            0005E4-0005FF               1C

                                  Symbol Table

?___ftdiv                   cstackCOMRAM 000032
?___ftmul                   cstackBANK0  000080
?___ftpack                  cstackCOMRAM 000027
?___fttol                   cstackBANK0  00008F
?___lwmod                   cstackCOMRAM 000001
?___lwtoft                  cstackCOMRAM 00002F
?___wmul                    cstackCOMRAM 000001
?_rr_scheduler              cstackCOMRAM 000007
?i2___wmul                  cstackCOMRAM 000001
_ADCON0                     (abs)        000FC2
_ADCON0bits                 (abs)        000FC2
_ADCON1                     (abs)        000FC1
_ADCON2                     (abs)        000FC0
_ADRESH                     (abs)        000FC4
_BSR                        (abs)        000FE0
_CCP1CONbits                (abs)        000FBD
_CCPR1                      (abs)        000FBE
_DELAY_Queue                bssCOMRAM    000041
_INTCONbits                 (abs)        000FF2
_PORTBbits                  (abs)        000F81
_PORTCbits                  (abs)        000F82
_PR2                        (abs)        000FCB
_READY_Queue                bssBIGRAM    0000C4
_STATUS                     (abs)        000FD8
_STKPTR                     (abs)        000FFC
_T0CONbits                  (abs)        000FD5
_T2CONbits                  (abs)        000FCA
_TMR0                       (abs)        000FD6
_TOS                        (abs)        000FFD
_TOSH                       (abs)        000FFE
_TOSL                       (abs)        000FFD
_TOSU                       (abs)        000FFF
_TRISAbits                  (abs)        000F92
_TRISBbits                  (abs)        000F93
_TRISCbits                  (abs)        000F94
_WREG                       (abs)        000FE8
__CFG_OSC$HS                (abs)        000000
__CFG_WDT$OFF               (abs)        000000
__HRAM                      (abs)        000000
__Habs1                     abs1         000000
__Hbank0                    bank0        000000
__Hbank1                    bank1        000000
__Hbank2                    bank2        000000
__Hbank3                    bank3        000000
__Hbank4                    bank4        000000
__Hbank5                    bank5        000000
__Hbigbss                   bigbss       000000
__Hbigdata                  bigdata      000000
__Hbigram                   bigram       000000
__Hbss                      bss          000000
__HbssBANK0                 bssBANK0     000000
__HbssBIGRAM                bssBIGRAM    000000
__HbssCOMRAM                bssCOMRAM    000000
__Hcinit                    cinit        000000
__Hclrtext                  clrtext      000000
__Hcomram                   comram       000000
__Hconfig                   config       30000E
__Hconst                    const        000000
__HcstackBANK0              cstackBANK0  000000
__HcstackCOMRAM             cstackCOMRAM 000000
__Hdata                     data         000000
__Heeprom_data              eeprom_data  000000
__Hfarbss                   farbss       000000
__Hfardata                  fardata      000000
__Hibigdata                 ibigdata     000000
__Hidata                    idata        000000
__Hidloc                    idloc        200008
__Hifardata                 ifardata     000000
__Hinit                     init         000012
__Hintcode                  intcode      00000E
__Hintcode_body             intcode_body 000000
__Hintcodelo                intcodelo    00000E
__Hintentry                 intentry     000000
__Hintret                   intret       000000
__Hintsave_regs             intsave_regs 000000
__Hirdata                   irdata       000000
__Hmediumconst              mediumconst  000000
__HnvFARRAM                 nvFARRAM     000000
__Hnvbit                    nvbit        000000
__Hnvrram                   nvrram       000000
__Hparam                    rparam       000000
__Hpowerup                  powerup      00000E
__Hram                      ram          000000
__Hramtop                   ramtop       000600
__Hrbit                     rbit         000000
__Hrbss                     rbss         000000
__Hrdata                    rdata        000000
__Hreset_vec                reset_vec    000004
__Hrparam                   rparam       000000
__Hsfr                      sfr          000000
__Hsmallconst               smallconst   000000
__Hspace_0                  (abs)        30000E
__Hspace_1                  (abs)        0005E4
__Hspace_2                  (abs)        000000
__Hstack                    stack        000000
__Hstruct                   struct       000000
__Htemp                     temp         00005A
__Htext                     text         000000
__Htext0                    text0        000000
__Htext1                    text1        000000
__Htext10                   text10       000000
__Htext11                   text11       000000
__Htext12                   text12       000000
__Htext14                   text14       000000
__Htext15                   text15       000000
__Htext16                   text16       000000
__Htext17                   text17       000000
__Htext18                   text18       000000
__Htext2                    text2        000000
__Htext3                    text3        000000
__Htext4                    text4        000000
__Htext5                    text5        000000
__Htext6                    text6        000000
__Htext7                    text7        000000
__Htext8                    text8        000000
__Htext9                    text9        000000
__LRAM                      (abs)        000001
__Labs1                     abs1         000000
__Lbank0                    bank0        000000
__Lbank1                    bank1        000000
__Lbank2                    bank2        000000
__Lbank3                    bank3        000000
__Lbank4                    bank4        000000
__Lbank5                    bank5        000000
__Lbigbss                   bigbss       000000
__Lbigdata                  bigdata      000000
__Lbigram                   bigram       000000
__Lbss                      bss          000000
__LbssBANK0                 bssBANK0     000000
__LbssBIGRAM                bssBIGRAM    000000
__LbssCOMRAM                bssCOMRAM    000000
__Lcinit                    cinit        000000
__Lclrtext                  clrtext      000000
__Lcomram                   comram       000000
__Lconfig                   config       300000
__Lconst                    const        000000
__LcstackBANK0              cstackBANK0  000000
__LcstackCOMRAM             cstackCOMRAM 000000
__Ldata                     data         000000
__Leeprom_data              eeprom_data  000000
__Lfarbss                   farbss       000000
__Lfardata                  fardata      000000
__Libigdata                 ibigdata     000000
__Lidata                    idata        000000
__Lidloc                    idloc        200000
__Lifardata                 ifardata     000000
__Linit                     init         00000E
__Lintcode                  intcode      000008
__Lintcode_body             intcode_body 000000
__Lintcodelo                intcodelo    00000E
__Lintentry                 intentry     000000
__Lintret                   intret       000000
__Lintsave_regs             intsave_regs 000000
__Lirdata                   irdata       000000
__Lmediumconst              mediumconst  000000
__LnvFARRAM                 nvFARRAM     000000
__Lnvbit                    nvbit        000000
__Lnvrram                   nvrram       000000
__Lparam                    rparam       000000
__Lpowerup                  powerup      00000E
__Lram                      ram          000000
__Lramtop                   ramtop       000600
__Lrbit                     rbit         000000
__Lrbss                     rbss         000000
__Lrdata                    rdata        000000
__Lreset_vec                reset_vec    000000
__Lrparam                   rparam       000000
__Lsfr                      sfr          000000
__Lsmallconst               smallconst   000000
__Lspace_0                  (abs)        000000
__Lspace_1                  (abs)        000000
__Lspace_2                  (abs)        000000
__Lstack                    stack        000000
__Lstruct                   struct       000000
__Ltemp                     temp         000059
__Ltext                     text         000000
__Ltext0                    text0        000000
__Ltext1                    text1        000000
__Ltext10                   text10       000000
__Ltext11                   text11       000000
__Ltext12                   text12       000000
__Ltext14                   text14       000000
__Ltext15                   text15       000000
__Ltext16                   text16       000000
__Ltext17                   text17       000000
__Ltext18                   text18       000000
__Ltext2                    text2        000000
__Ltext3                    text3        000000
__Ltext4                    text4        000000
__Ltext5                    text5        000000
__Ltext6                    text6        000000
__Ltext7                    text7        000000
__Ltext8                    text8        000000
__Ltext9                    text9        000000
__S0                        (abs)        30000E
__S1                        (abs)        0005E4
__S2                        (abs)        000000
___ftdiv                    text8        000AB8
___ftdiv@cntr               cstackCOMRAM 00003B
___ftdiv@exp                cstackCOMRAM 00003F
___ftdiv@f1                 cstackCOMRAM 000032
___ftdiv@f2                 cstackCOMRAM 000035
___ftdiv@f3                 cstackCOMRAM 00003C
___ftdiv@sign               cstackCOMRAM 000040
___ftmul                    text7        000816
___ftmul@cntr               cstackBANK0  00008D
___ftmul@exp                cstackBANK0  000089
___ftmul@f1                 cstackBANK0  000080
___ftmul@f2                 cstackBANK0  000083
___ftmul@f3_as_product      cstackBANK0  00008A
___ftmul@sign               cstackBANK0  00008E
___ftpack                   text9        000C74
___ftpack@arg               cstackCOMRAM 000027
___ftpack@exp               cstackCOMRAM 00002A
___ftpack@sign              cstackCOMRAM 00002B
___fttol                    text6        000974
___fttol@exp1               cstackBANK0  00009D
___fttol@f1                 cstackBANK0  00008F
___fttol@lval               cstackBANK0  000099
___fttol@sign1              cstackBANK0  000098
___inthi_sp                 stack        000000
___intlo_sp                 stack        000000
___lwmod                    text17       000EE8
___lwmod@counter            cstackCOMRAM 000005
___lwmod@dividend           cstackCOMRAM 000001
___lwmod@divisor            cstackCOMRAM 000003
___lwtoft                   text5        000FE0
___lwtoft@c                 cstackCOMRAM 00002F
___param_bank               (abs)        000000
___rparam_used              (abs)        000001
___sp                       stack        000000
___wmul                     text3        000F94
___wmul@multiplicand        cstackCOMRAM 000003
___wmul@multiplier          cstackCOMRAM 000001
___wmul@product             cstackCOMRAM 000005
__accesstop                 (abs)        000080
__activetblptr              (abs)        000000
__end_of___ftdiv            text8        000B9E
__end_of___ftmul            text7        000974
__end_of___ftpack           text9        000D22
__end_of___fttol            text6        000AB8
__end_of___lwmod            text17       000F2A
__end_of___lwtoft           text5        001004
__end_of___wmul             text3        000FBA
__end_of__initialization    cinit        000F56
__end_of_despachante        text14       0004CE
__end_of_interrupt_handler  intcode_body 000DAE
__end_of_macos_create_task  text2        0006B0
__end_of_macos_start        text1        000F94
__end_of_main               text0        000EE8
__end_of_rr_scheduler       text15       000E84
__end_of_tarefa_dois        text10       000C74
__end_of_tarefa_tres        text11       000E1C
__end_of_tarefa_um          text4        000816
__end_of_task_IDLE          text12       00100C
__end_ofi2___wmul           text16       000FE0
__initialization            cinit        000F2A
__mediumconst               mediumconst  000000
__pbssBANK0                 bssBANK0     0000AC
__pbssBIGRAM                bssBIGRAM    0000C4
__pbssCOMRAM                bssCOMRAM    000041
__pcinit                    cinit        000F2A
__pcstackBANK0              cstackBANK0  000080
__pcstackCOMRAM             cstackCOMRAM 000001
__pintcode                  intcode      000008
__pintcode_body             intcode_body 000D22
__ptext0                    text0        000E84
__ptext1                    text1        000F60
__ptext10                   text10       000B9E
__ptext11                   text11       000DAE
__ptext12                   text12       001004
__ptext14                   text14       000012
__ptext15                   text15       000E1C
__ptext16                   text16       000FBA
__ptext17                   text17       000EE8
__ptext18                   text18       000000
__ptext2                    text2        0004CE
__ptext3                    text3        000F94
__ptext4                    text4        0006B0
__ptext5                    text5        000FE0
__ptext6                    text6        000974
__ptext7                    text7        000816
__ptext8                    text8        000AB8
__ptext9                    text9        000C74
__ramtop                    ramtop       000600
__size_of___ftdiv           (abs)        000000
__size_of___ftmul           (abs)        000000
__size_of___ftpack          (abs)        000000
__size_of___fttol           (abs)        000000
__size_of___lwmod           (abs)        000000
__size_of___lwtoft          (abs)        000000
__size_of___wmul            (abs)        000000
__size_of_despachante       (abs)        000000
__size_of_interrupt_handler (abs)        000000
__size_of_macos_create_task (abs)        000000
__size_of_macos_start       (abs)        000000
__size_of_main              (abs)        000000
__size_of_rr_scheduler      (abs)        000000
__size_of_tarefa_dois       (abs)        000000
__size_of_tarefa_tres       (abs)        000000
__size_of_tarefa_um         (abs)        000000
__size_of_task_IDLE         (abs)        000000
__size_ofi2___wmul          (abs)        000000
__smallconst                smallconst   000000
__uDynamicHeap              bssBIGRAM    0003E4
_despachante                text14       000012
_interrupt_handler          intcode      000008
_macos_create_task          text2        0004CE
_macos_start                text1        000F60
_main                       text0        000E84
_ptr_shared_memory          bssBANK0     0000AC
_ptr_speed                  bssCOMRAM    000057
_rr_scheduler               text15       000E1C
_shared_memory              bssBANK0     0000AE
_tarefa_dois                text10       000B9E
_tarefa_tres                text11       000DAE
_tarefa_um                  text4        0006B0
_task_IDLE                  text12       001004
_task_running               bssCOMRAM    000055
_tasks_delay_queue          bssCOMRAM    000051
_tasks_installed            bssCOMRAM    000053
btemp                       temp         000059
despachante@STATE           cstackCOMRAM 000014
despachante@pos_queue       cstackCOMRAM 000015
despachante@pos_queue_742   cstackCOMRAM 000017
end_of_initialization       cinit        000F56
i2___wmul                   text16       000FBA
i2___wmul@multiplicand      cstackCOMRAM 000003
i2___wmul@multiplier        cstackCOMRAM 000001
i2___wmul@product           cstackCOMRAM 000005
int$flags                   temp         000059
int_func                    intcode_body 000D22
intlevel0                   text         000000
intlevel1                   text         000000
intlevel2                   text         000000
intlevel3                   text         000000
macos_create_task@id        cstackCOMRAM 000007
macos_create_task@prior     cstackCOMRAM 000009
macos_create_task@t_ptr     cstackCOMRAM 00000B
rr_scheduler@i              cstackCOMRAM 000009
rr_scheduler@next_task      cstackCOMRAM 00000B
stackhi                     (abs)        0005FF
stacklo                     (abs)        0005E4
start                       init         00000E
start_initialization        cinit        000F2A
tarefa_um@currentTemp       cstackBANK0  0000A4
tarefa_um@i                 cstackBANK0  0000A6
tarefa_um@previousTemp      cstackBANK0  0000A2
tarefa_um@value             cstackBANK0  0000A0


FUNCTION INFORMATION:

 *************** function _main *****************
 Defined at:
		line 14 in file "main.c"
 Parameters:    Size  Location     Type
		None
 Auto vars:     Size  Location     Type
		None
 Return value:  Size  Location     Type
                  2   24[None  ] int 
 Registers used:
		wreg, fsr2l, fsr2h, status,2, status,0, prodl, prodh, cstack
 Tracked objects:
		On entry : 
		On exit  : 
		Unchanged: 
 Data sizes:     COMRAM   BANK0   BANK1   BANK2   BANK3   BANK4   BANK5
      Params:         0       0       0       0       0       0       0
      Locals:         0       0       0       0       0       0       0
      Temps:          0       0       0       0       0       0       0
      Totals:         0       0       0       0       0       0       0
Total ram usage:        0 bytes
 Hardware stack levels required when called:   10
 This function calls:
		_macos_create_task
		_macos_start
 This function is called by:
		Startup code after reset
 This function uses a non-reentrant model


 *************** function _macos_start *****************
 Defined at:
		line 61 in file "kernel.c"
 Parameters:    Size  Location     Type
		None
 Auto vars:     Size  Location     Type
		None
 Return value:  Size  Location     Type
                  1    wreg      void 
 Registers used:
		wreg, fsr2l, fsr2h, status,2, status,0, prodl, prodh, cstack
 Tracked objects:
		On entry : 
		On exit  : 
		Unchanged: 
 Data sizes:     COMRAM   BANK0   BANK1   BANK2   BANK3   BANK4   BANK5
      Params:         0       0       0       0       0       0       0
      Locals:         0       0       0       0       0       0       0
      Temps:          0       0       0       0       0       0       0
      Totals:         0       0       0       0       0       0       0
Total ram usage:        0 bytes
 Hardware stack levels used:    1
 Hardware stack levels required when called:    9
 This function calls:
		_macos_create_task
 This function is called by:
		_main
 This function uses a non-reentrant model


 *************** function _macos_create_task *****************
 Defined at:
		line 44 in file "kernel.c"
 Parameters:    Size  Location     Type
  id              2    6[COMRAM] unsigned int 
  prior           2    8[COMRAM] unsigned int 
  t_ptr           2   10[COMRAM] PTR FTN()void 
		 -> task_IDLE(1), tarefa_tres(1), tarefa_dois(1), tarefa_um(1), 
 Auto vars:     Size  Location     Type
		None
 Return value:  Size  Location     Type
                  1    wreg      void 
 Registers used:
		wreg, fsr2l, fsr2h, status,2, status,0, prodl, prodh, cstack
 Tracked objects:
		On entry : 
		On exit  : 
		Unchanged: 
 Data sizes:     COMRAM   BANK0   BANK1   BANK2   BANK3   BANK4   BANK5
      Params:         6       0       0       0       0       0       0
      Locals:         0       0       0       0       0       0       0
      Temps:          4       0       0       0       0       0       0
      Totals:        10       0       0       0       0       0       0
Total ram usage:       10 bytes
 Hardware stack levels used:    1
 Hardware stack levels required when called:    8
 This function calls:
		___wmul
 This function is called by:
		_main
		_macos_start
 This function uses a non-reentrant model


 *************** function ___wmul *****************
 Defined at:
		line 15 in file "D:\Programas\MPLABX\xc8\sources\common\Umul16.c"
 Parameters:    Size  Location     Type
  multiplier      2    0[COMRAM] unsigned int 
  multiplicand    2    2[COMRAM] unsigned int 
 Auto vars:     Size  Location     Type
  product         2    4[COMRAM] unsigned int 
 Return value:  Size  Location     Type
                  2    0[COMRAM] unsigned int 
 Registers used:
		wreg, status,2, status,0, prodl, prodh
 Tracked objects:
		On entry : 
		On exit  : 
		Unchanged: 
 Data sizes:     COMRAM   BANK0   BANK1   BANK2   BANK3   BANK4   BANK5
      Params:         4       0       0       0       0       0       0
      Locals:         2       0       0       0       0       0       0
      Temps:          0       0       0       0       0       0       0
      Totals:         6       0       0       0       0       0       0
Total ram usage:        6 bytes
 Hardware stack levels used:    1
 Hardware stack levels required when called:    7
 This function calls:
		Nothing
 This function is called by:
		_macos_create_task
		_prior_scheduler
		_timer_delay
		_sem_wait
		_sem_post
 This function uses a non-reentrant model


 *************** function _tarefa_um *****************
 Defined at:
		line 12 in file "tasks.c"
 Parameters:    Size  Location     Type
		None
 Auto vars:     Size  Location     Type
  i               2   38[BANK0 ] unsigned int 
  currentTemp     2   36[BANK0 ] unsigned int 
  previousTemp    2   34[BANK0 ] unsigned int 
  value           2   32[BANK0 ] unsigned int 
 Return value:  Size  Location     Type
                  1    wreg      void 
 Registers used:
		wreg, fsr2l, fsr2h, status,2, status,0, cstack
 Tracked objects:
		On entry : 
		On exit  : 
		Unchanged: 
 Data sizes:     COMRAM   BANK0   BANK1   BANK2   BANK3   BANK4   BANK5
      Params:         0       0       0       0       0       0       0
      Locals:         0       8       0       0       0       0       0
      Temps:          0       2       0       0       0       0       0
      Totals:         0      10       0       0       0       0       0
Total ram usage:       10 bytes
 Hardware stack levels used:    1
 Hardware stack levels required when called:    6
 This function calls:
		___ftdiv
		___ftmul
		___fttol
		___lwtoft
 This function is called by:
		_main
 This function uses a non-reentrant model


 *************** function ___lwtoft *****************
 Defined at:
		line 28 in file "D:\Programas\MPLABX\xc8\sources\common\lwtoft.c"
 Parameters:    Size  Location     Type
  c               2   46[COMRAM] unsigned int 
 Auto vars:     Size  Location     Type
		None
 Return value:  Size  Location     Type
                  3   46[COMRAM] float 
 Registers used:
		wreg, status,2, status,0, cstack
 Tracked objects:
		On entry : 
		On exit  : 
		Unchanged: 
 Data sizes:     COMRAM   BANK0   BANK1   BANK2   BANK3   BANK4   BANK5
      Params:         3       0       0       0       0       0       0
      Locals:         0       0       0       0       0       0       0
      Temps:          0       0       0       0       0       0       0
      Totals:         3       0       0       0       0       0       0
Total ram usage:        3 bytes
 Hardware stack levels used:    1
 Hardware stack levels required when called:    5
 This function calls:
		___ftpack
 This function is called by:
		_tarefa_um
 This function uses a non-reentrant model


 *************** function ___fttol *****************
 Defined at:
		line 44 in file "D:\Programas\MPLABX\xc8\sources\common\fttol.c"
 Parameters:    Size  Location     Type
  f1              3   15[BANK0 ] float 
 Auto vars:     Size  Location     Type
  lval            4   25[BANK0 ] unsigned long 
  exp1            1   29[BANK0 ] unsigned char 
  sign1           1   24[BANK0 ] unsigned char 
 Return value:  Size  Location     Type
                  4   15[BANK0 ] long 
 Registers used:
		wreg, status,2, status,0
 Tracked objects:
		On entry : 
		On exit  : 
		Unchanged: 
 Data sizes:     COMRAM   BANK0   BANK1   BANK2   BANK3   BANK4   BANK5
      Params:         0       4       0       0       0       0       0
      Locals:         0       6       0       0       0       0       0
      Temps:          0       5       0       0       0       0       0
      Totals:         0      15       0       0       0       0       0
Total ram usage:       15 bytes
 Hardware stack levels used:    1
 Hardware stack levels required when called:    4
 This function calls:
		Nothing
 This function is called by:
		_tarefa_um
 This function uses a non-reentrant model


 *************** function ___ftmul *****************
 Defined at:
		line 62 in file "D:\Programas\MPLABX\xc8\sources\common\ftmul.c"
 Parameters:    Size  Location     Type
  f1              3    0[BANK0 ] float 
  f2              3    3[BANK0 ] float 
 Auto vars:     Size  Location     Type
  f3_as_produc    3   10[BANK0 ] unsigned um
  sign            1   14[BANK0 ] unsigned char 
  cntr            1   13[BANK0 ] unsigned char 
  exp             1    9[BANK0 ] unsigned char 
 Return value:  Size  Location     Type
                  3    0[BANK0 ] float 
 Registers used:
		wreg, status,2, status,0, cstack
 Tracked objects:
		On entry : 
		On exit  : 
		Unchanged: 
 Data sizes:     COMRAM   BANK0   BANK1   BANK2   BANK3   BANK4   BANK5
      Params:         0       6       0       0       0       0       0
      Locals:         0       6       0       0       0       0       0
      Temps:          0       3       0       0       0       0       0
      Totals:         0      15       0       0       0       0       0
Total ram usage:       15 bytes
 Hardware stack levels used:    1
 Hardware stack levels required when called:    5
 This function calls:
		___ftpack
 This function is called by:
		_tarefa_um
 This function uses a non-reentrant model


 *************** function ___ftdiv *****************
 Defined at:
		line 54 in file "D:\Programas\MPLABX\xc8\sources\common\ftdiv.c"
 Parameters:    Size  Location     Type
  f1              3   49[COMRAM] float 
  f2              3   52[COMRAM] float 
 Auto vars:     Size  Location     Type
  f3              3   59[COMRAM] float 
  sign            1   63[COMRAM] unsigned char 
  exp             1   62[COMRAM] unsigned char 
  cntr            1   58[COMRAM] unsigned char 
 Return value:  Size  Location     Type
                  3   49[COMRAM] float 
 Registers used:
		wreg, status,2, status,0, cstack
 Tracked objects:
		On entry : 
		On exit  : 
		Unchanged: 
 Data sizes:     COMRAM   BANK0   BANK1   BANK2   BANK3   BANK4   BANK5
      Params:         6       0       0       0       0       0       0
      Locals:         6       0       0       0       0       0       0
      Temps:          3       0       0       0       0       0       0
      Totals:        15       0       0       0       0       0       0
Total ram usage:       15 bytes
 Hardware stack levels used:    1
 Hardware stack levels required when called:    5
 This function calls:
		___ftpack
 This function is called by:
		_tarefa_um
 This function uses a non-reentrant model


 *************** function ___ftpack *****************
 Defined at:
		line 62 in file "D:\Programas\MPLABX\xc8\sources\common\float.c"
 Parameters:    Size  Location     Type
  arg             3   38[COMRAM] unsigned um
  exp             1   41[COMRAM] unsigned char 
  sign            1   42[COMRAM] unsigned char 
 Auto vars:     Size  Location     Type
		None
 Return value:  Size  Location     Type
                  3   38[COMRAM] float 
 Registers used:
		wreg, status,2, status,0
 Tracked objects:
		On entry : 
		On exit  : 
		Unchanged: 
 Data sizes:     COMRAM   BANK0   BANK1   BANK2   BANK3   BANK4   BANK5
      Params:         5       0       0       0       0       0       0
      Locals:         0       0       0       0       0       0       0
      Temps:          3       0       0       0       0       0       0
      Totals:         8       0       0       0       0       0       0
Total ram usage:        8 bytes
 Hardware stack levels used:    1
 Hardware stack levels required when called:    4
 This function calls:
		Nothing
 This function is called by:
		___ftdiv
		___ftmul
		___lwtoft
 This function uses a non-reentrant model


 *************** function _tarefa_dois *****************
 Defined at:
		line 48 in file "tasks.c"
 Parameters:    Size  Location     Type
		None
 Auto vars:     Size  Location     Type
		None
 Return value:  Size  Location     Type
                  1    wreg      void 
 Registers used:
		wreg, fsr2l, fsr2h, status,2, status,0
 Tracked objects:
		On entry : 
		On exit  : 
		Unchanged: 
 Data sizes:     COMRAM   BANK0   BANK1   BANK2   BANK3   BANK4   BANK5
      Params:         0       0       0       0       0       0       0
      Locals:         0       0       0       0       0       0       0
      Temps:          0       2       0       0       0       0       0
      Totals:         0       2       0       0       0       0       0
Total ram usage:        2 bytes
 Hardware stack levels used:    1
 Hardware stack levels required when called:    4
 This function calls:
		Nothing
 This function is called by:
		_main
 This function uses a non-reentrant model


 *************** function _tarefa_tres *****************
 Defined at:
		line 93 in file "tasks.c"
 Parameters:    Size  Location     Type
		None
 Auto vars:     Size  Location     Type
		None
 Return value:  Size  Location     Type
                  1    wreg      void 
 Registers used:
		wreg, fsr2l, fsr2h, status,2, status,0
 Tracked objects:
		On entry : 
		On exit  : 
		Unchanged: 
 Data sizes:     COMRAM   BANK0   BANK1   BANK2   BANK3   BANK4   BANK5
      Params:         0       0       0       0       0       0       0
      Locals:         0       0       0       0       0       0       0
      Temps:          0       2       0       0       0       0       0
      Totals:         0       2       0       0       0       0       0
Total ram usage:        2 bytes
 Hardware stack levels used:    1
 Hardware stack levels required when called:    4
 This function calls:
		Nothing
 This function is called by:
		_main
 This function uses a non-reentrant model


 *************** function _task_IDLE *****************
 Defined at:
		line 136 in file "kernel.c"
 Parameters:    Size  Location     Type
		None
 Auto vars:     Size  Location     Type
		None
 Return value:  Size  Location     Type
                  1    wreg      void 
 Registers used:
		None
 Tracked objects:
		On entry : 
		On exit  : 
		Unchanged: 
 Data sizes:     COMRAM   BANK0   BANK1   BANK2   BANK3   BANK4   BANK5
      Params:         0       0       0       0       0       0       0
      Locals:         0       0       0       0       0       0       0
      Temps:          0       0       0       0       0       0       0
      Totals:         0       0       0       0       0       0       0
Total ram usage:        0 bytes
 Hardware stack levels used:    1
 Hardware stack levels required when called:    4
 This function calls:
		Nothing
 This function is called by:
		_macos_start
 This function uses a non-reentrant model


 *************** function _interrupt_handler *****************
 Defined at:
		line 162 in file "kernel.c"
 Parameters:    Size  Location     Type
		None
 Auto vars:     Size  Location     Type
		None
 Return value:  Size  Location     Type
                  1    wreg      void 
 Registers used:
		wreg, fsr2l, fsr2h, status,2, status,0, prodl, prodh, cstack
 Tracked objects:
		On entry : 
		On exit  : 
		Unchanged: 
 Data sizes:     COMRAM   BANK0   BANK1   BANK2   BANK3   BANK4   BANK5
      Params:         0       0       0       0       0       0       0
      Locals:         0       0       0       0       0       0       0
      Temps:         14       0       0       0       0       0       0
      Totals:        14       0       0       0       0       0       0
Total ram usage:       14 bytes
 Hardware stack levels used:    1
 Hardware stack levels required when called:    3
 This function calls:
		_despachante
 This function is called by:
		Interrupt level 2
 This function uses a non-reentrant model


 *************** function _despachante *****************
 Defined at:
		line 143 in file "kernel.c"
 Parameters:    Size  Location     Type
  STATE           1    wreg     enum E25
 Auto vars:     Size  Location     Type
  STATE           1   19[COMRAM] enum E25
  pos_queue       2   22[COMRAM] int 
  pos_queue       2   20[COMRAM] int 
 Return value:  Size  Location     Type
                  1    wreg      void 
 Registers used:
		wreg, fsr2l, fsr2h, status,2, status,0, prodl, prodh, cstack
 Tracked objects:
		On entry : 
		On exit  : 
		Unchanged: 
 Data sizes:     COMRAM   BANK0   BANK1   BANK2   BANK3   BANK4   BANK5
      Params:         0       0       0       0       0       0       0
      Locals:         5       0       0       0       0       0       0
      Temps:          7       0       0       0       0       0       0
      Totals:        12       0       0       0       0       0       0
Total ram usage:       12 bytes
 Hardware stack levels used:    1
 Hardware stack levels required when called:    2
 This function calls:
		_rr_scheduler
		i2___wmul
 This function is called by:
		_interrupt_handler
		_macos_delay
 This function uses a non-reentrant model


 *************** function _rr_scheduler *****************
 Defined at:
		line 78 in file "kernel.c"
 Parameters:    Size  Location     Type
		None
 Auto vars:     Size  Location     Type
  next_task       2   10[COMRAM] unsigned int 
  i               2    8[COMRAM] unsigned int 
 Return value:  Size  Location     Type
                  2    6[COMRAM] unsigned int 
 Registers used:
		wreg, fsr2l, fsr2h, status,2, status,0, prodl, prodh, cstack
 Tracked objects:
		On entry : 
		On exit  : 
		Unchanged: 
 Data sizes:     COMRAM   BANK0   BANK1   BANK2   BANK3   BANK4   BANK5
      Params:         2       0       0       0       0       0       0
      Locals:         4       0       0       0       0       0       0
      Temps:          0       0       0       0       0       0       0
      Totals:         6       0       0       0       0       0       0
Total ram usage:        6 bytes
 Hardware stack levels used:    1
 Hardware stack levels required when called:    1
 This function calls:
		___lwmod
		i2___wmul
 This function is called by:
		_despachante
 This function uses a non-reentrant model


 *************** function i2___wmul *****************
 Defined at:
		line 15 in file "D:\Programas\MPLABX\xc8\sources\common\Umul16.c"
 Parameters:    Size  Location     Type
  multiplier      2    0[COMRAM] unsigned int 
  multiplicand    2    2[COMRAM] unsigned int 
 Auto vars:     Size  Location     Type
  __wmul          2    4[COMRAM] unsigned int 
 Return value:  Size  Location     Type
                  2    0[COMRAM] unsigned int 
 Registers used:
		wreg, status,2, status,0, prodl, prodh
 Tracked objects:
		On entry : 
		On exit  : 
		Unchanged: 
 Data sizes:     COMRAM   BANK0   BANK1   BANK2   BANK3   BANK4   BANK5
      Params:         4       0       0       0       0       0       0
      Locals:         2       0       0       0       0       0       0
      Temps:          0       0       0       0       0       0       0
      Totals:         6       0       0       0       0       0       0
Total ram usage:        6 bytes
 Hardware stack levels used:    1
 This function calls:
		Nothing
 This function is called by:
		_rr_scheduler
		_despachante
 This function uses a non-reentrant model


 *************** function ___lwmod *****************
 Defined at:
		line 8 in file "D:\Programas\MPLABX\xc8\sources\common\lwmod.c"
 Parameters:    Size  Location     Type
  dividend        2    0[COMRAM] unsigned int 
  divisor         2    2[COMRAM] unsigned int 
 Auto vars:     Size  Location     Type
  counter         1    4[COMRAM] unsigned char 
 Return value:  Size  Location     Type
                  2    0[COMRAM] unsigned int 
 Registers used:
		wreg, status,2, status,0
 Tracked objects:
		On entry : 
		On exit  : 
		Unchanged: 
 Data sizes:     COMRAM   BANK0   BANK1   BANK2   BANK3   BANK4   BANK5
      Params:         4       0       0       0       0       0       0
      Locals:         1       0       0       0       0       0       0
      Temps:          0       0       0       0       0       0       0
      Totals:         5       0       0       0       0       0       0
Total ram usage:        5 bytes
 Hardware stack levels used:    1
 This function calls:
		Nothing
 This function is called by:
		_rr_scheduler
		_sem_post
		_write_queue
		_read_queue
 This function uses a non-reentrant model



MODULE INFORMATION

Module		Function		Class		Link	Load	Size
D:\Programas\MPLABX\xc8\sources\common\Umul16.c
		___wmul        		CODE           	0F94	0000	39

D:\Programas\MPLABX\xc8\sources\common\Umul16.c estimated size: 39

D:\Programas\MPLABX\xc8\sources\common\float.c
		___ftpack      		CODE           	0C74	0000	175

D:\Programas\MPLABX\xc8\sources\common\float.c estimated size: 175

D:\Programas\MPLABX\xc8\sources\common\lwmod.c
		___lwmod       		CODE           	0EE8	0000	67

D:\Programas\MPLABX\xc8\sources\common\lwmod.c estimated size: 67

tasks.c
		_tarefa_um     		CODE           	06B0	0000	359
		_tarefa_dois   		CODE           	0B9E	0000	215
		_tarefa_tres   		CODE           	0DAE	0000	111

tasks.c estimated size: 685

kernel.c
		_macos_create_task		CODE           	04CE	0000	483
		_rr_scheduler  		CODE           	0E1C	0000	105
		_despachante   		CODE           	0012	0000	1213
		_macos_start   		CODE           	0F60	0000	53
		_task_IDLE     		CODE           	1004	0000	9
		_interrupt_handler		CODE           	0008	0000	147

kernel.c estimated size: 2010

shared
		i2___wmul      		CODE           	0FBA	0000	39
		__initialization		CODE           	0F2A	0000	45

shared estimated size: 84

D:\Programas\MPLABX\xc8\sources\common\ftmul.c
		___ftmul       		CODE           	0816	0000	351

D:\Programas\MPLABX\xc8\sources\common\ftmul.c estimated size: 351

D:\Programas\MPLABX\xc8\sources\common\ftdiv.c
		___ftdiv       		CODE           	0AB8	0000	231

D:\Programas\MPLABX\xc8\sources\common\ftdiv.c estimated size: 231

D:\Programas\MPLABX\xc8\sources\common\lwtoft.c
		___lwtoft      		CODE           	0FE0	0000	37

D:\Programas\MPLABX\xc8\sources\common\lwtoft.c estimated size: 37

main.c
		_main          		CODE           	0E84	0000	101

main.c estimated size: 101

D:\Programas\MPLABX\xc8\sources\common\fttol.c
		___fttol       		CODE           	0974	0000	325

D:\Programas\MPLABX\xc8\sources\common\fttol.c estimated size: 325

